"./audio/3clicks8.wav",0.011609977
,0.162539682
,0.290249433
,0.394739229
,0.777868481
,1.648616780
,2.414875283
,3.041814059
,3.134693877
,3.157913832
,3.599092970
,3.831292517
,4.504671202
,4.748480725
