"./audio/3clicks8.wav",0.782312925
,1.650680272
,2.417346939
