"./audio/3clicks.mp3",0.058049886
,0.824308390
,1.706666666
,2.461315192
