"./audio/3clicks8.wav",0.777868480
,1.648616780
,2.414875283
