"./audio/3clicks8.wav",0.000000000,5.201269840,count,448,"(count)"
,0.000000000,5.201269840,max,503,"(maximum value)"
,0.000000000,5.201269840,mean,162.585,"(mean value, continuous-time average)"
,0.000000000,5.201269840,median,168,"(median value, continuous-time average)"
,0.000000000,5.201269840,min,0,"(minimum value)"
,0.000000000,5.201269840,mode,0,"(modal value, continuous-time average)"
,0.000000000,5.201269840,sd,46.2356,"(standard deviation, continuous-time average)"
,0.000000000,5.201269840,sum,72838,"(sum)"
,0.000000000,5.201269840,variance,2137.73,"(variance, continuous-time average)"
