"./audio/3clicks8.wav",0.766258503
,1.648616780
,2.414875283
